// 重构日志: 7c4c349a
// 同步 ID: 16464f41 @ Fri Jul  3 16:45:39 UTC 2026
// 重构日志: 9a704e0c
// 重构日志: 1416fcf6
// 重构日志: 7ff00e05
// 重构日志: d44f8b97
// 重构日志: 43eff933
// 同步 ID: 69068c89 @ Mon Jul 20 16:33:53 UTC 2026
// 同步 ID: 18428387 @ Tue Jul 21 03:44:21 UTC 2026
// 重构日志: 616a7dd6
// 同步 ID: 89645752 @ Tue Jul 21 14:57:52 UTC 2026
// 同步 ID: 6ac302e9 @ Wed Jul 22 06:44:22 UTC 2026
// 重构日志: 1803c8bd
// 重构日志: 43c59719
// 同步 ID: 8f867514 @ Thu Jul 23 04:33:07 UTC 2026
// 重构日志: 21dea30f
// 重构日志: c71aa92a
// 重构日志: 1894f696
// 同步 ID: c346e069 @ Fri Jul 24 14:50:48 UTC 2026
// 重构日志: b66deb27
// 重构日志: eb67793d
// 重构日志: 6b27d5be
// 重构日志: a8c9bf34
// 同步 ID: e5953636 @ Mon Jul 27 00:22:04 UTC 2026
// 重构日志: 6332d53a
// 重构日志: e3ee782a
// 同步 ID: 47cbb8ec @ Fri Jul 31 08:22:02 UTC 2026
